-- Found ament_cmake: 2.5.5 (/opt/ros/jazzy/share/ament_cmake/cmake)
-- Found rclcpp: 28.1.16 (/opt/ros/jazzy/share/rclcpp/cmake)
-- Found rosidl_generator_c: 4.6.7 (/opt/ros/jazzy/share/rosidl_generator_c/cmake)
-- Found rosidl_generator_cpp: 4.6.7 (/opt/ros/jazzy/share/rosidl_generator_cpp/cmake)
-- Using all available rosidl_typesupport_c: rosidl_typesupport_fastrtps_c;rosidl_typesupport_introspection_c
-- Using all available rosidl_typesupport_cpp: rosidl_typesupport_fastrtps_cpp;rosidl_typesupport_introspection_cpp
-- Found rmw_implementation_cmake: 7.3.3 (/opt/ros/jazzy/share/rmw_implementation_cmake/cmake)
-- Found rmw_fastrtps_cpp: 8.4.3 (/opt/ros/jazzy/share/rmw_fastrtps_cpp/cmake)
-- Using RMW implementation 'rmw_fastrtps_cpp' as default
-- Found sensor_msgs: 5.3.6 (/opt/ros/jazzy/share/sensor_msgs/cmake)
-- Found nav_msgs: 5.3.6 (/opt/ros/jazzy/share/nav_msgs/cmake)
-- Found visualization_msgs: 5.3.6 (/opt/ros/jazzy/share/visualization_msgs/cmake)
-- OpenNI found (version: 1.5.4.0, include: /usr/include/ni, lib: /usr/lib/libOpenNI.so;libusb::libusb)
-- OpenNI2 found (version: 2.2.0.33, include: /usr/include/openni2, lib: /usr/lib/x86_64-linux-gnu/libOpenNI2.so;libusb::libusb)
-- Could NOT find Pcap (missing: PCAP_LIBRARIES PCAP_INCLUDE_DIRS) 
-- Found flann version 1.9.2
-- looking for PCL_COMMON
-- looking for PCL_OCTREE
-- looking for PCL_IO
-- looking for PCL_KDTREE
-- looking for PCL_SEARCH
-- looking for PCL_SAMPLE_CONSENSUS
-- looking for PCL_FILTERS
-- looking for PCL_GEOMETRY
-- looking for PCL_2D
-- looking for PCL_FEATURES
-- looking for PCL_ML
-- looking for PCL_SEGMENTATION
-- Found pcl_conversions: 2.6.2 (/opt/ros/jazzy/share/pcl_conversions/cmake)
-- ONNX Runtime include: /opt/onnxruntime/include
-- ONNX Runtime lib:     /opt/onnxruntime/lib/libonnxruntime.so
-- Configuring done (2.4s)
-- Generating done (0.0s)
-- Build files have been written to: /home/pritomrit/Projects/FireFIght/ros2_ws/build/firefighter_robot
[ 16%] Built target update_agent_node
[ 33%] Built target decision_node
[ 50%] Built target telemetry_node
[ 66%] Built target inference_node
[ 83%] Built target camera_node
[ 91%] [32mBuilding CXX object CMakeFiles/lidar_node.dir/src/lidar_node.cpp.o[0m
[100%] [32m[1mLinking CXX executable lidar_node[0m
[100%] Built target lidar_node
-- Install configuration: ""
-- Up-to-date: /home/pritomrit/Projects/FireFIght/ros2_ws/install/firefighter_robot/lib/firefighter_robot/camera_node
-- Up-to-date: /home/pritomrit/Projects/FireFIght/ros2_ws/install/firefighter_robot/lib/firefighter_robot/inference_node
-- Installing: /home/pritomrit/Projects/FireFIght/ros2_ws/install/firefighter_robot/lib/firefighter_robot/lidar_node
-- Set non-toolchain portion of runtime path of "/home/pritomrit/Projects/FireFIght/ros2_ws/install/firefighter_robot/lib/firefighter_robot/lidar_node" to ""
-- Up-to-date: /home/pritomrit/Projects/FireFIght/ros2_ws/install/firefighter_robot/lib/firefighter_robot/decision_node
-- Up-to-date: /home/pritomrit/Projects/FireFIght/ros2_ws/install/firefighter_robot/lib/firefighter_robot/telemetry_node
-- Up-to-date: /home/pritomrit/Projects/FireFIght/ros2_ws/install/firefighter_robot/lib/firefighter_robot/update_agent_node
-- Up-to-date: /home/pritomrit/Projects/FireFIght/ros2_ws/install/firefighter_robot/share/firefighter_robot/launch
-- Up-to-date: /home/pritomrit/Projects/FireFIght/ros2_ws/install/firefighter_robot/share/firefighter_robot/launch/single_robot.launch.py
-- Up-to-date: /home/pritomrit/Projects/FireFIght/ros2_ws/install/firefighter_robot/share/firefighter_robot/config
-- Installing: /home/pritomrit/Projects/FireFIght/ros2_ws/install/firefighter_robot/share/firefighter_robot/config/robot_params.yaml
-- Up-to-date: /home/pritomrit/Projects/FireFIght/ros2_ws/install/firefighter_robot/share/ament_index/resource_index/package_run_dependencies/firefighter_robot
-- Up-to-date: /home/pritomrit/Projects/FireFIght/ros2_ws/install/firefighter_robot/share/ament_index/resource_index/parent_prefix_path/firefighter_robot
-- Up-to-date: /home/pritomrit/Projects/FireFIght/ros2_ws/install/firefighter_robot/share/firefighter_robot/environment/ament_prefix_path.sh
-- Up-to-date: /home/pritomrit/Projects/FireFIght/ros2_ws/install/firefighter_robot/share/firefighter_robot/environment/ament_prefix_path.dsv
-- Up-to-date: /home/pritomrit/Projects/FireFIght/ros2_ws/install/firefighter_robot/share/firefighter_robot/environment/path.sh
-- Up-to-date: /home/pritomrit/Projects/FireFIght/ros2_ws/install/firefighter_robot/share/firefighter_robot/environment/path.dsv
-- Up-to-date: /home/pritomrit/Projects/FireFIght/ros2_ws/install/firefighter_robot/share/firefighter_robot/local_setup.bash
-- Up-to-date: /home/pritomrit/Projects/FireFIght/ros2_ws/install/firefighter_robot/share/firefighter_robot/local_setup.sh
-- Up-to-date: /home/pritomrit/Projects/FireFIght/ros2_ws/install/firefighter_robot/share/firefighter_robot/local_setup.zsh
-- Up-to-date: /home/pritomrit/Projects/FireFIght/ros2_ws/install/firefighter_robot/share/firefighter_robot/local_setup.dsv
-- Installing: /home/pritomrit/Projects/FireFIght/ros2_ws/install/firefighter_robot/share/firefighter_robot/package.dsv
-- Up-to-date: /home/pritomrit/Projects/FireFIght/ros2_ws/install/firefighter_robot/share/ament_index/resource_index/packages/firefighter_robot
-- Up-to-date: /home/pritomrit/Projects/FireFIght/ros2_ws/install/firefighter_robot/share/firefighter_robot/cmake/firefighter_robotConfig.cmake
-- Up-to-date: /home/pritomrit/Projects/FireFIght/ros2_ws/install/firefighter_robot/share/firefighter_robot/cmake/firefighter_robotConfig-version.cmake
-- Up-to-date: /home/pritomrit/Projects/FireFIght/ros2_ws/install/firefighter_robot/share/firefighter_robot/package.xml
