[0.010s] Invoking command in '/home/pritomrit/Projects/FireFIght/ros2_ws/build/firefighter_robot': CMAKE_PREFIX_PATH=${CMAKE_PREFIX_PATH}:/opt/ros/jazzy DEBUGINFOD_URLS=https://debuginfod.ubuntu.com /usr/bin/cmake --build /home/pritomrit/Projects/FireFIght/ros2_ws/build/firefighter_robot -- -j16 -l16
[0.046s] -- Found ament_cmake: 2.5.5 (/opt/ros/jazzy/share/ament_cmake/cmake)
[0.255s] -- Found rclcpp: 28.1.16 (/opt/ros/jazzy/share/rclcpp/cmake)
[0.288s] -- Found rosidl_generator_c: 4.6.7 (/opt/ros/jazzy/share/rosidl_generator_c/cmake)
[0.300s] -- Found rosidl_generator_cpp: 4.6.7 (/opt/ros/jazzy/share/rosidl_generator_cpp/cmake)
[0.313s] -- Using all available rosidl_typesupport_c: rosidl_typesupport_fastrtps_c;rosidl_typesupport_introspection_c
[0.329s] -- Using all available rosidl_typesupport_cpp: rosidl_typesupport_fastrtps_cpp;rosidl_typesupport_introspection_cpp
[0.398s] -- Found rmw_implementation_cmake: 7.3.3 (/opt/ros/jazzy/share/rmw_implementation_cmake/cmake)
[0.399s] -- Found rmw_fastrtps_cpp: 8.4.3 (/opt/ros/jazzy/share/rmw_fastrtps_cpp/cmake)
[0.473s] -- Using RMW implementation 'rmw_fastrtps_cpp' as default
[0.545s] -- Found sensor_msgs: 5.3.6 (/opt/ros/jazzy/share/sensor_msgs/cmake)
[0.606s] -- Found nav_msgs: 5.3.6 (/opt/ros/jazzy/share/nav_msgs/cmake)
[0.634s] -- Found visualization_msgs: 5.3.6 (/opt/ros/jazzy/share/visualization_msgs/cmake)
[0.708s] -- OpenNI found (version: 1.5.4.0, include: /usr/include/ni, lib: /usr/lib/libOpenNI.so;libusb::libusb)
[0.715s] -- OpenNI2 found (version: 2.2.0.33, include: /usr/include/openni2, lib: /usr/lib/x86_64-linux-gnu/libOpenNI2.so;libusb::libusb)
[0.718s] -- Could NOT find Pcap (missing: PCAP_LIBRARIES PCAP_INCLUDE_DIRS) 
[0.718s] [0m** WARNING ** io features related to pcap will be disabled[0m
[1.272s] [33mCMake Warning (dev) at /usr/lib/x86_64-linux-gnu/cmake/pcl/Modules/FindFLANN.cmake:45 (find_package):
[1.272s]   Policy CMP0144 is not set: find_package uses upper-case <PACKAGENAME>_ROOT
[1.272s]   variables.  Run "cmake --help-policy CMP0144" for policy details.  Use the
[1.272s]   cmake_policy command to set the policy and suppress this warning.
[1.272s] 
[1.272s]   CMake variable FLANN_ROOT is set to:
[1.272s] 
[1.272s]     /usr
[1.272s] 
[1.272s]   For compatibility, find_package is ignoring the variable, but code in a
[1.272s]   .cmake module might still use it.
[1.272s] Call Stack (most recent call first):
[1.273s]   /usr/lib/x86_64-linux-gnu/cmake/pcl/PCLConfig.cmake:261 (find_package)
[1.273s]   /usr/lib/x86_64-linux-gnu/cmake/pcl/PCLConfig.cmake:306 (find_flann)
[1.273s]   /usr/lib/x86_64-linux-gnu/cmake/pcl/PCLConfig.cmake:570 (find_external_library)
[1.273s]   CMakeLists.txt:23 (find_package)
[1.273s] This warning is for project developers.  Use -Wno-dev to suppress it.
[1.273s] [0m
[1.274s] -- Found flann version 1.9.2
[2.214s] -- looking for PCL_COMMON
[2.215s] -- looking for PCL_OCTREE
[2.215s] -- looking for PCL_IO
[2.216s] -- looking for PCL_KDTREE
[2.216s] -- looking for PCL_SEARCH
[2.217s] -- looking for PCL_SAMPLE_CONSENSUS
[2.218s] -- looking for PCL_FILTERS
[2.218s] -- looking for PCL_GEOMETRY
[2.219s] -- looking for PCL_2D
[2.219s] -- looking for PCL_FEATURES
[2.220s] -- looking for PCL_ML
[2.220s] -- looking for PCL_SEGMENTATION
[2.222s] -- Found pcl_conversions: 2.6.2 (/opt/ros/jazzy/share/pcl_conversions/cmake)
[2.269s] -- ONNX Runtime include: /opt/onnxruntime/include
[2.269s] -- ONNX Runtime lib:     /opt/onnxruntime/lib/libonnxruntime.so
[2.415s] -- Configuring done (2.4s)
[2.468s] -- Generating done (0.0s)
[2.480s] -- Build files have been written to: /home/pritomrit/Projects/FireFIght/ros2_ws/build/firefighter_robot
[2.547s] [ 16%] Built target update_agent_node
[2.548s] [ 33%] Built target decision_node
[2.548s] [ 50%] Built target telemetry_node
[2.549s] [ 66%] Built target inference_node
[2.549s] [ 83%] Built target camera_node
[2.565s] [ 91%] [32mBuilding CXX object CMakeFiles/lidar_node.dir/src/lidar_node.cpp.o[0m
[13.574s] [100%] [32m[1mLinking CXX executable lidar_node[0m
[13.761s] [100%] Built target lidar_node
[13.776s] Invoked command in '/home/pritomrit/Projects/FireFIght/ros2_ws/build/firefighter_robot' returned '0': CMAKE_PREFIX_PATH=${CMAKE_PREFIX_PATH}:/opt/ros/jazzy DEBUGINFOD_URLS=https://debuginfod.ubuntu.com /usr/bin/cmake --build /home/pritomrit/Projects/FireFIght/ros2_ws/build/firefighter_robot -- -j16 -l16
[13.789s] Invoking command in '/home/pritomrit/Projects/FireFIght/ros2_ws/build/firefighter_robot': CMAKE_PREFIX_PATH=${CMAKE_PREFIX_PATH}:/opt/ros/jazzy DEBUGINFOD_URLS=https://debuginfod.ubuntu.com /usr/bin/cmake --install /home/pritomrit/Projects/FireFIght/ros2_ws/build/firefighter_robot
[13.798s] -- Install configuration: ""
[13.799s] -- Up-to-date: /home/pritomrit/Projects/FireFIght/ros2_ws/install/firefighter_robot/lib/firefighter_robot/camera_node
[13.799s] -- Up-to-date: /home/pritomrit/Projects/FireFIght/ros2_ws/install/firefighter_robot/lib/firefighter_robot/inference_node
[13.799s] -- Installing: /home/pritomrit/Projects/FireFIght/ros2_ws/install/firefighter_robot/lib/firefighter_robot/lidar_node
[13.801s] -- Set non-toolchain portion of runtime path of "/home/pritomrit/Projects/FireFIght/ros2_ws/install/firefighter_robot/lib/firefighter_robot/lidar_node" to ""
[13.802s] -- Up-to-date: /home/pritomrit/Projects/FireFIght/ros2_ws/install/firefighter_robot/lib/firefighter_robot/decision_node
[13.802s] -- Up-to-date: /home/pritomrit/Projects/FireFIght/ros2_ws/install/firefighter_robot/lib/firefighter_robot/telemetry_node
[13.802s] -- Up-to-date: /home/pritomrit/Projects/FireFIght/ros2_ws/install/firefighter_robot/lib/firefighter_robot/update_agent_node
[13.803s] -- Up-to-date: /home/pritomrit/Projects/FireFIght/ros2_ws/install/firefighter_robot/share/firefighter_robot/launch
[13.803s] -- Up-to-date: /home/pritomrit/Projects/FireFIght/ros2_ws/install/firefighter_robot/share/firefighter_robot/launch/single_robot.launch.py
[13.803s] -- Up-to-date: /home/pritomrit/Projects/FireFIght/ros2_ws/install/firefighter_robot/share/firefighter_robot/config
[13.803s] -- Installing: /home/pritomrit/Projects/FireFIght/ros2_ws/install/firefighter_robot/share/firefighter_robot/config/robot_params.yaml
[13.803s] -- Up-to-date: /home/pritomrit/Projects/FireFIght/ros2_ws/install/firefighter_robot/share/ament_index/resource_index/package_run_dependencies/firefighter_robot
[13.804s] -- Up-to-date: /home/pritomrit/Projects/FireFIght/ros2_ws/install/firefighter_robot/share/ament_index/resource_index/parent_prefix_path/firefighter_robot
[13.804s] -- Up-to-date: /home/pritomrit/Projects/FireFIght/ros2_ws/install/firefighter_robot/share/firefighter_robot/environment/ament_prefix_path.sh
[13.804s] -- Up-to-date: /home/pritomrit/Projects/FireFIght/ros2_ws/install/firefighter_robot/share/firefighter_robot/environment/ament_prefix_path.dsv
[13.804s] -- Up-to-date: /home/pritomrit/Projects/FireFIght/ros2_ws/install/firefighter_robot/share/firefighter_robot/environment/path.sh
[13.804s] -- Up-to-date: /home/pritomrit/Projects/FireFIght/ros2_ws/install/firefighter_robot/share/firefighter_robot/environment/path.dsv
[13.804s] -- Up-to-date: /home/pritomrit/Projects/FireFIght/ros2_ws/install/firefighter_robot/share/firefighter_robot/local_setup.bash
[13.804s] -- Up-to-date: /home/pritomrit/Projects/FireFIght/ros2_ws/install/firefighter_robot/share/firefighter_robot/local_setup.sh
[13.804s] -- Up-to-date: /home/pritomrit/Projects/FireFIght/ros2_ws/install/firefighter_robot/share/firefighter_robot/local_setup.zsh
[13.804s] -- Up-to-date: /home/pritomrit/Projects/FireFIght/ros2_ws/install/firefighter_robot/share/firefighter_robot/local_setup.dsv
[13.804s] -- Installing: /home/pritomrit/Projects/FireFIght/ros2_ws/install/firefighter_robot/share/firefighter_robot/package.dsv
[13.805s] -- Up-to-date: /home/pritomrit/Projects/FireFIght/ros2_ws/install/firefighter_robot/share/ament_index/resource_index/packages/firefighter_robot
[13.805s] -- Up-to-date: /home/pritomrit/Projects/FireFIght/ros2_ws/install/firefighter_robot/share/firefighter_robot/cmake/firefighter_robotConfig.cmake
[13.805s] -- Up-to-date: /home/pritomrit/Projects/FireFIght/ros2_ws/install/firefighter_robot/share/firefighter_robot/cmake/firefighter_robotConfig-version.cmake
[13.805s] -- Up-to-date: /home/pritomrit/Projects/FireFIght/ros2_ws/install/firefighter_robot/share/firefighter_robot/package.xml
[13.807s] Invoked command in '/home/pritomrit/Projects/FireFIght/ros2_ws/build/firefighter_robot' returned '0': CMAKE_PREFIX_PATH=${CMAKE_PREFIX_PATH}:/opt/ros/jazzy DEBUGINFOD_URLS=https://debuginfod.ubuntu.com /usr/bin/cmake --install /home/pritomrit/Projects/FireFIght/ros2_ws/build/firefighter_robot
