-- The C compiler identification is GNU 13.3.0
-- The CXX compiler identification is GNU 13.3.0
-- Detecting C compiler ABI info
-- Detecting C compiler ABI info - done
-- Check for working C compiler: /usr/bin/cc - skipped
-- Detecting C compile features
-- Detecting C compile features - done
-- Detecting CXX compiler ABI info
-- Detecting CXX compiler ABI info - done
-- Check for working CXX compiler: /usr/bin/c++ - skipped
-- Detecting CXX compile features
-- Detecting CXX compile features - done
-- Found ament_cmake: 2.5.5 (/opt/ros/jazzy/share/ament_cmake/cmake)
-- Found Python3: /usr/bin/python3 (found version "3.12.3") found components: Interpreter 
-- Found rclcpp: 28.1.16 (/opt/ros/jazzy/share/rclcpp/cmake)
-- Found rosidl_generator_c: 4.6.7 (/opt/ros/jazzy/share/rosidl_generator_c/cmake)
-- Found rosidl_generator_cpp: 4.6.7 (/opt/ros/jazzy/share/rosidl_generator_cpp/cmake)
-- Using all available rosidl_typesupport_c: rosidl_typesupport_fastrtps_c;rosidl_typesupport_introspection_c
-- Using all available rosidl_typesupport_cpp: rosidl_typesupport_fastrtps_cpp;rosidl_typesupport_introspection_cpp
-- Found rmw_implementation_cmake: 7.3.3 (/opt/ros/jazzy/share/rmw_implementation_cmake/cmake)
-- Found rmw_fastrtps_cpp: 8.4.3 (/opt/ros/jazzy/share/rmw_fastrtps_cpp/cmake)
-- Found OpenSSL: /usr/lib/x86_64-linux-gnu/libcrypto.so (found version "3.0.13")  
-- Found FastRTPS: /opt/ros/jazzy/include (Required is at least version "2.13") 
-- Using RMW implementation 'rmw_fastrtps_cpp' as default
-- Found sensor_msgs: 5.3.6 (/opt/ros/jazzy/share/sensor_msgs/cmake)
-- Found nav_msgs: 5.3.6 (/opt/ros/jazzy/share/nav_msgs/cmake)
-- Found visualization_msgs: 5.3.6 (/opt/ros/jazzy/share/visualization_msgs/cmake)
-- Found OpenCV: /usr (found version "4.6.0") 
-- Found Boost: /usr/lib/x86_64-linux-gnu/cmake/Boost-1.83.0/BoostConfig.cmake (found suitable version "1.83.0", minimum required is "1.65.0") found components: system filesystem iostreams serialization 
-- Checking for module 'libusb-1.0'
--   Found libusb-1.0, version 1.0.27
-- Found libusb: /usr/lib/x86_64-linux-gnu/libusb-1.0.so  
-- Found OpenNI: /usr/lib/libOpenNI.so;libusb::libusb (found version "1.5.4.0") 
-- OpenNI found (version: 1.5.4.0, include: /usr/include/ni, lib: /usr/lib/libOpenNI.so;libusb::libusb)
-- Found OpenNI2: /usr/lib/x86_64-linux-gnu/libOpenNI2.so;libusb::libusb (found version "2.2.0.33") 
-- OpenNI2 found (version: 2.2.0.33, include: /usr/include/openni2, lib: /usr/lib/x86_64-linux-gnu/libOpenNI2.so;libusb::libusb)
-- Could NOT find Pcap (missing: PCAP_LIBRARIES PCAP_INCLUDE_DIRS) 
-- Found ZLIB: /usr/lib/x86_64-linux-gnu/libz.so (found version "1.3")  
-- Found PNG: /usr/lib/x86_64-linux-gnu/libpng.so (found version "1.6.43") 
-- Performing Test CMAKE_HAVE_LIBC_PTHREAD
-- Performing Test CMAKE_HAVE_LIBC_PTHREAD - Success
-- Found Threads: TRUE  
-- Found GLEW: /usr/lib/x86_64-linux-gnu/libGLEW.so  
-- Found OpenGL: /usr/lib/x86_64-linux-gnu/libOpenGL.so  found components: OpenGL GLX 
-- Found MPI_C: /usr/lib/x86_64-linux-gnu/libmpi.so (found version "3.1") 
-- Found MPI: TRUE (found version "3.1") found components: C 
-- Found JsonCpp: /usr/lib/x86_64-linux-gnu/libjsoncpp.so (found suitable version "1.9.5", minimum required is "0.7.0") 
-- Found Eigen3: /usr/include/eigen3 (found version "3.4.0") 
-- Found X11: /usr/include   
-- Looking for XOpenDisplay in /usr/lib/x86_64-linux-gnu/libX11.so;/usr/lib/x86_64-linux-gnu/libXext.so
-- Looking for XOpenDisplay in /usr/lib/x86_64-linux-gnu/libX11.so;/usr/lib/x86_64-linux-gnu/libXext.so - found
-- Looking for gethostbyname
-- Looking for gethostbyname - found
-- Looking for connect
-- Looking for connect - found
-- Looking for remove
-- Looking for remove - found
-- Looking for shmat
-- Looking for shmat - found
-- Looking for IceConnectionNumber in ICE
-- Looking for IceConnectionNumber in ICE - found
-- Found EXPAT: /usr/lib/x86_64-linux-gnu/libexpat.so (found version "2.6.1") 
-- Found double-conversion: /usr/lib/x86_64-linux-gnu/libdouble-conversion.so  
-- Found LZ4: /usr/lib/x86_64-linux-gnu/liblz4.so (found version "1.9.4") 
-- Found LZMA: /usr/lib/x86_64-linux-gnu/liblzma.so (found version "5.4.5") 
-- Found JPEG: /usr/lib/x86_64-linux-gnu/libjpeg.so (found version "80") 
-- Found TIFF: /usr/lib/x86_64-linux-gnu/libtiff.so (found version "4.5.1")  
-- Found Freetype: /usr/lib/x86_64-linux-gnu/libfreetype.so (found version "2.13.2") 
-- Found utf8cpp: /usr/include/utf8cpp  
-- Found OpenMP_CXX: -fopenmp (found version "4.5") 
-- Found OpenMP: TRUE (found version "4.5") found components: CXX 
-- Found flann version 1.9.2
-- looking for PCL_COMMON
-- Found PCL_COMMON: /usr/lib/x86_64-linux-gnu/libpcl_common.so  
-- looking for PCL_OCTREE
-- Found PCL_OCTREE: /usr/lib/x86_64-linux-gnu/libpcl_octree.so  
-- looking for PCL_IO
-- Found PCL_IO: /usr/lib/x86_64-linux-gnu/libpcl_io.so  
-- looking for PCL_KDTREE
-- Found PCL_KDTREE: /usr/lib/x86_64-linux-gnu/libpcl_kdtree.so  
-- looking for PCL_SEARCH
-- Found PCL_SEARCH: /usr/lib/x86_64-linux-gnu/libpcl_search.so  
-- looking for PCL_SAMPLE_CONSENSUS
-- Found PCL_SAMPLE_CONSENSUS: /usr/lib/x86_64-linux-gnu/libpcl_sample_consensus.so  
-- looking for PCL_FILTERS
-- Found PCL_FILTERS: /usr/lib/x86_64-linux-gnu/libpcl_filters.so  
-- looking for PCL_GEOMETRY
-- Found PCL_GEOMETRY: /usr/include/pcl-1.14  
-- looking for PCL_2D
-- Found PCL_2D: /usr/include/pcl-1.14  
-- looking for PCL_FEATURES
-- Found PCL_FEATURES: /usr/lib/x86_64-linux-gnu/libpcl_features.so  
-- looking for PCL_ML
-- Found PCL_ML: /usr/lib/x86_64-linux-gnu/libpcl_ml.so  
-- looking for PCL_SEGMENTATION
-- Found PCL_SEGMENTATION: /usr/lib/x86_64-linux-gnu/libpcl_segmentation.so  
-- Found PCL: pcl_common;pcl_octree;pcl_io;pcl_kdtree;pcl_search;pcl_sample_consensus;pcl_filters;pcl_features;pcl_ml;pcl_segmentation;Boost::system;Boost::filesystem;Boost::iostreams;Boost::serialization;/usr/lib/libOpenNI.so;libusb::libusb;/usr/lib/x86_64-linux-gnu/libOpenNI2.so;libusb::libusb;VTK::ChartsCore;VTK::CommonColor;VTK::CommonComputationalGeometry;VTK::CommonCore;VTK::CommonDataModel;VTK::CommonExecutionModel;VTK::CommonMath;VTK::CommonMisc;VTK::CommonTransforms;VTK::FiltersCore;VTK::FiltersExtraction;VTK::FiltersGeneral;VTK::FiltersGeometry;VTK::FiltersModeling;VTK::FiltersSources;VTK::ImagingCore;VTK::ImagingSources;VTK::InteractionImage;VTK::InteractionStyle;VTK::InteractionWidgets;VTK::IOCore;VTK::IOGeometry;VTK::IOImage;VTK::IOLegacy;VTK::IOPLY;VTK::RenderingAnnotation;VTK::RenderingCore;VTK::RenderingContext2D;VTK::RenderingLOD;VTK::RenderingFreeType;VTK::ViewsCore;VTK::ViewsContext2D;VTK::RenderingOpenGL2;VTK::RenderingContextOpenGL2;VTK::GUISupportQt;FLANN::FLANN  
-- Found pcl_conversions: 2.6.2 (/opt/ros/jazzy/share/pcl_conversions/cmake)
-- ONNX Runtime include: /opt/onnxruntime/include
-- ONNX Runtime lib:     /opt/onnxruntime/lib/libonnxruntime.so
-- Found CURL: /usr/lib/x86_64-linux-gnu/libcurl.so (found version "8.5.0")  
-- Configuring done (4.9s)
-- Generating done (0.1s)
-- Build files have been written to: /home/pritomrit/Projects/FireFIght/ros2_ws/build/firefighter_robot
[ 16%] [32mBuilding CXX object CMakeFiles/camera_node.dir/src/camera_node.cpp.o[0m
[ 16%] [32mBuilding CXX object CMakeFiles/telemetry_node.dir/src/telemetry_node.cpp.o[0m
[ 25%] [32mBuilding CXX object CMakeFiles/update_agent_node.dir/src/update_agent_node.cpp.o[0m
[ 33%] [32mBuilding CXX object CMakeFiles/decision_node.dir/src/decision_node.cpp.o[0m
[ 41%] [32mBuilding CXX object CMakeFiles/lidar_node.dir/src/lidar_node.cpp.o[0m
[ 50%] [32mBuilding CXX object CMakeFiles/inference_node.dir/src/inference_node.cpp.o[0m
[ 58%] [32m[1mLinking CXX executable update_agent_node[0m
[ 58%] Built target update_agent_node
[ 66%] [32m[1mLinking CXX executable telemetry_node[0m
[ 66%] Built target telemetry_node
[ 75%] [32m[1mLinking CXX executable camera_node[0m
[ 75%] Built target camera_node
[ 83%] [32m[1mLinking CXX executable inference_node[0m
[ 83%] Built target inference_node
[ 91%] [32m[1mLinking CXX executable decision_node[0m
[ 91%] Built target decision_node
[100%] [32m[1mLinking CXX executable lidar_node[0m
[100%] Built target lidar_node
-- Install configuration: ""
-- Installing: /home/pritomrit/Projects/FireFIght/ros2_ws/install/firefighter_robot/lib/firefighter_robot/camera_node
-- Set non-toolchain portion of runtime path of "/home/pritomrit/Projects/FireFIght/ros2_ws/install/firefighter_robot/lib/firefighter_robot/camera_node" to ""
-- Installing: /home/pritomrit/Projects/FireFIght/ros2_ws/install/firefighter_robot/lib/firefighter_robot/inference_node
-- Set non-toolchain portion of runtime path of "/home/pritomrit/Projects/FireFIght/ros2_ws/install/firefighter_robot/lib/firefighter_robot/inference_node" to ""
-- Installing: /home/pritomrit/Projects/FireFIght/ros2_ws/install/firefighter_robot/lib/firefighter_robot/lidar_node
-- Set non-toolchain portion of runtime path of "/home/pritomrit/Projects/FireFIght/ros2_ws/install/firefighter_robot/lib/firefighter_robot/lidar_node" to ""
-- Installing: /home/pritomrit/Projects/FireFIght/ros2_ws/install/firefighter_robot/lib/firefighter_robot/decision_node
-- Set non-toolchain portion of runtime path of "/home/pritomrit/Projects/FireFIght/ros2_ws/install/firefighter_robot/lib/firefighter_robot/decision_node" to ""
-- Installing: /home/pritomrit/Projects/FireFIght/ros2_ws/install/firefighter_robot/lib/firefighter_robot/telemetry_node
-- Set non-toolchain portion of runtime path of "/home/pritomrit/Projects/FireFIght/ros2_ws/install/firefighter_robot/lib/firefighter_robot/telemetry_node" to ""
-- Installing: /home/pritomrit/Projects/FireFIght/ros2_ws/install/firefighter_robot/lib/firefighter_robot/update_agent_node
-- Set non-toolchain portion of runtime path of "/home/pritomrit/Projects/FireFIght/ros2_ws/install/firefighter_robot/lib/firefighter_robot/update_agent_node" to ""
-- Installing: /home/pritomrit/Projects/FireFIght/ros2_ws/install/firefighter_robot/share/firefighter_robot/launch
-- Installing: /home/pritomrit/Projects/FireFIght/ros2_ws/install/firefighter_robot/share/firefighter_robot/launch/single_robot.launch.py
-- Installing: /home/pritomrit/Projects/FireFIght/ros2_ws/install/firefighter_robot/share/firefighter_robot/config
-- Installing: /home/pritomrit/Projects/FireFIght/ros2_ws/install/firefighter_robot/share/firefighter_robot/config/robot_params.yaml
-- Installing: /home/pritomrit/Projects/FireFIght/ros2_ws/install/firefighter_robot/share/ament_index/resource_index/package_run_dependencies/firefighter_robot
-- Installing: /home/pritomrit/Projects/FireFIght/ros2_ws/install/firefighter_robot/share/ament_index/resource_index/parent_prefix_path/firefighter_robot
-- Installing: /home/pritomrit/Projects/FireFIght/ros2_ws/install/firefighter_robot/share/firefighter_robot/environment/ament_prefix_path.sh
-- Installing: /home/pritomrit/Projects/FireFIght/ros2_ws/install/firefighter_robot/share/firefighter_robot/environment/ament_prefix_path.dsv
-- Installing: /home/pritomrit/Projects/FireFIght/ros2_ws/install/firefighter_robot/share/firefighter_robot/environment/path.sh
-- Installing: /home/pritomrit/Projects/FireFIght/ros2_ws/install/firefighter_robot/share/firefighter_robot/environment/path.dsv
-- Installing: /home/pritomrit/Projects/FireFIght/ros2_ws/install/firefighter_robot/share/firefighter_robot/local_setup.bash
-- Installing: /home/pritomrit/Projects/FireFIght/ros2_ws/install/firefighter_robot/share/firefighter_robot/local_setup.sh
-- Installing: /home/pritomrit/Projects/FireFIght/ros2_ws/install/firefighter_robot/share/firefighter_robot/local_setup.zsh
-- Installing: /home/pritomrit/Projects/FireFIght/ros2_ws/install/firefighter_robot/share/firefighter_robot/local_setup.dsv
-- Installing: /home/pritomrit/Projects/FireFIght/ros2_ws/install/firefighter_robot/share/firefighter_robot/package.dsv
-- Installing: /home/pritomrit/Projects/FireFIght/ros2_ws/install/firefighter_robot/share/ament_index/resource_index/packages/firefighter_robot
-- Installing: /home/pritomrit/Projects/FireFIght/ros2_ws/install/firefighter_robot/share/firefighter_robot/cmake/firefighter_robotConfig.cmake
-- Installing: /home/pritomrit/Projects/FireFIght/ros2_ws/install/firefighter_robot/share/firefighter_robot/cmake/firefighter_robotConfig-version.cmake
-- Installing: /home/pritomrit/Projects/FireFIght/ros2_ws/install/firefighter_robot/share/firefighter_robot/package.xml
