[0.012s] Invoking command in '/home/pritomrit/Projects/FireFIght/ros2_ws/build/firefighter_robot': CMAKE_PREFIX_PATH=${CMAKE_PREFIX_PATH}:/opt/ros/jazzy DEBUGINFOD_URLS=https://debuginfod.ubuntu.com /usr/bin/cmake /home/pritomrit/Projects/FireFIght/ros2_ws/src/firefighter_robot -DONNXRUNTIME_ROOT=/opt/onnxruntime -DCMAKE_INSTALL_PREFIX=/home/pritomrit/Projects/FireFIght/ros2_ws/install/firefighter_robot
[0.222s] -- The C compiler identification is GNU 13.3.0
[0.362s] -- The CXX compiler identification is GNU 13.3.0
[0.384s] -- Detecting C compiler ABI info
[0.491s] -- Detecting C compiler ABI info - done
[0.501s] -- Check for working C compiler: /usr/bin/cc - skipped
[0.501s] -- Detecting C compile features
[0.502s] -- Detecting C compile features - done
[0.513s] -- Detecting CXX compiler ABI info
[0.615s] -- Detecting CXX compiler ABI info - done
[0.625s] -- Check for working CXX compiler: /usr/bin/c++ - skipped
[0.625s] -- Detecting CXX compile features
[0.625s] -- Detecting CXX compile features - done
[0.635s] -- Found ament_cmake: 2.5.5 (/opt/ros/jazzy/share/ament_cmake/cmake)
[0.787s] -- Found Python3: /usr/bin/python3 (found version "3.12.3") found components: Interpreter 
[0.935s] -- Found rclcpp: 28.1.16 (/opt/ros/jazzy/share/rclcpp/cmake)
[1.014s] -- Found rosidl_generator_c: 4.6.7 (/opt/ros/jazzy/share/rosidl_generator_c/cmake)
[1.038s] -- Found rosidl_generator_cpp: 4.6.7 (/opt/ros/jazzy/share/rosidl_generator_cpp/cmake)
[1.067s] -- Using all available rosidl_typesupport_c: rosidl_typesupport_fastrtps_c;rosidl_typesupport_introspection_c
[1.097s] -- Using all available rosidl_typesupport_cpp: rosidl_typesupport_fastrtps_cpp;rosidl_typesupport_introspection_cpp
[1.218s] -- Found rmw_implementation_cmake: 7.3.3 (/opt/ros/jazzy/share/rmw_implementation_cmake/cmake)
[1.225s] -- Found rmw_fastrtps_cpp: 8.4.3 (/opt/ros/jazzy/share/rmw_fastrtps_cpp/cmake)
[1.351s] -- Found OpenSSL: /usr/lib/x86_64-linux-gnu/libcrypto.so (found version "3.0.13")  
[1.374s] -- Found FastRTPS: /opt/ros/jazzy/include (Required is at least version "2.13") 
[1.398s] -- Using RMW implementation 'rmw_fastrtps_cpp' as default
[1.509s] -- Found sensor_msgs: 5.3.6 (/opt/ros/jazzy/share/sensor_msgs/cmake)
[1.593s] -- Found nav_msgs: 5.3.6 (/opt/ros/jazzy/share/nav_msgs/cmake)
[1.629s] -- Found visualization_msgs: 5.3.6 (/opt/ros/jazzy/share/visualization_msgs/cmake)
[1.677s] -- Found OpenCV: /usr (found version "4.6.0") 
[1.751s] -- Found Boost: /usr/lib/x86_64-linux-gnu/cmake/Boost-1.83.0/BoostConfig.cmake (found suitable version "1.83.0", minimum required is "1.65.0") found components: system filesystem iostreams serialization 
[1.823s] -- Checking for module 'libusb-1.0'
[1.840s] --   Found libusb-1.0, version 1.0.27
[1.883s] -- Found libusb: /usr/lib/x86_64-linux-gnu/libusb-1.0.so  
[1.884s] -- Found OpenNI: /usr/lib/libOpenNI.so;libusb::libusb (found version "1.5.4.0") 
[1.884s] -- OpenNI found (version: 1.5.4.0, include: /usr/include/ni, lib: /usr/lib/libOpenNI.so;libusb::libusb)
[1.948s] -- Found OpenNI2: /usr/lib/x86_64-linux-gnu/libOpenNI2.so;libusb::libusb (found version "2.2.0.33") 
[1.948s] -- OpenNI2 found (version: 2.2.0.33, include: /usr/include/openni2, lib: /usr/lib/x86_64-linux-gnu/libOpenNI2.so;libusb::libusb)
[1.951s] -- Could NOT find Pcap (missing: PCAP_LIBRARIES PCAP_INCLUDE_DIRS) 
[1.952s] [0m** WARNING ** io features related to pcap will be disabled[0m
[1.975s] -- Found ZLIB: /usr/lib/x86_64-linux-gnu/libz.so (found version "1.3")  
[2.008s] -- Found PNG: /usr/lib/x86_64-linux-gnu/libpng.so (found version "1.6.43") 
[2.049s] -- Performing Test CMAKE_HAVE_LIBC_PTHREAD
[2.158s] -- Performing Test CMAKE_HAVE_LIBC_PTHREAD - Success
[2.159s] -- Found Threads: TRUE  
[2.163s] -- Found GLEW: /usr/lib/x86_64-linux-gnu/libGLEW.so  
[2.174s] -- Found OpenGL: /usr/lib/x86_64-linux-gnu/libOpenGL.so  found components: OpenGL GLX 
[2.376s] -- Found MPI_C: /usr/lib/x86_64-linux-gnu/libmpi.so (found version "3.1") 
[2.377s] -- Found MPI: TRUE (found version "3.1") found components: C 
[2.380s] -- Found JsonCpp: /usr/lib/x86_64-linux-gnu/libjsoncpp.so (found suitable version "1.9.5", minimum required is "0.7.0") 
[2.448s] -- Found Eigen3: /usr/include/eigen3 (found version "3.4.0") 
[2.619s] -- Found X11: /usr/include   
[2.619s] -- Looking for XOpenDisplay in /usr/lib/x86_64-linux-gnu/libX11.so;/usr/lib/x86_64-linux-gnu/libXext.so
[2.709s] -- Looking for XOpenDisplay in /usr/lib/x86_64-linux-gnu/libX11.so;/usr/lib/x86_64-linux-gnu/libXext.so - found
[2.709s] -- Looking for gethostbyname
[2.796s] -- Looking for gethostbyname - found
[2.796s] -- Looking for connect
[2.884s] -- Looking for connect - found
[2.884s] -- Looking for remove
[2.974s] -- Looking for remove - found
[2.974s] -- Looking for shmat
[3.061s] -- Looking for shmat - found
[3.061s] -- Looking for IceConnectionNumber in ICE
[3.148s] -- Looking for IceConnectionNumber in ICE - found
[3.304s] -- Found EXPAT: /usr/lib/x86_64-linux-gnu/libexpat.so (found version "2.6.1") 
[3.306s] -- Found double-conversion: /usr/lib/x86_64-linux-gnu/libdouble-conversion.so  
[3.309s] -- Found LZ4: /usr/lib/x86_64-linux-gnu/liblz4.so (found version "1.9.4") 
[3.313s] -- Found LZMA: /usr/lib/x86_64-linux-gnu/liblzma.so (found version "5.4.5") 
[3.391s] -- Found JPEG: /usr/lib/x86_64-linux-gnu/libjpeg.so (found version "80") 
[3.415s] -- Found TIFF: /usr/lib/x86_64-linux-gnu/libtiff.so (found version "4.5.1")  
[3.420s] -- Found Freetype: /usr/lib/x86_64-linux-gnu/libfreetype.so (found version "2.13.2") 
[3.426s] -- Found utf8cpp: /usr/include/utf8cpp  
[3.776s] -- Found OpenMP_CXX: -fopenmp (found version "4.5") 
[3.776s] -- Found OpenMP: TRUE (found version "4.5") found components: CXX 
[3.784s] [33mCMake Warning (dev) at /usr/lib/x86_64-linux-gnu/cmake/pcl/Modules/FindFLANN.cmake:45 (find_package):
[3.784s]   Policy CMP0144 is not set: find_package uses upper-case <PACKAGENAME>_ROOT
[3.784s]   variables.  Run "cmake --help-policy CMP0144" for policy details.  Use the
[3.784s]   cmake_policy command to set the policy and suppress this warning.
[3.784s] 
[3.784s]   CMake variable FLANN_ROOT is set to:
[3.784s] 
[3.784s]     /usr
[3.785s] 
[3.785s]   For compatibility, find_package is ignoring the variable, but code in a
[3.785s]   .cmake module might still use it.
[3.785s] Call Stack (most recent call first):
[3.785s]   /usr/lib/x86_64-linux-gnu/cmake/pcl/PCLConfig.cmake:261 (find_package)
[3.785s]   /usr/lib/x86_64-linux-gnu/cmake/pcl/PCLConfig.cmake:306 (find_flann)
[3.785s]   /usr/lib/x86_64-linux-gnu/cmake/pcl/PCLConfig.cmake:570 (find_external_library)
[3.785s]   CMakeLists.txt:23 (find_package)
[3.785s] This warning is for project developers.  Use -Wno-dev to suppress it.
[3.785s] [0m
[3.786s] -- Found flann version 1.9.2
[4.654s] -- looking for PCL_COMMON
[4.655s] -- Found PCL_COMMON: /usr/lib/x86_64-linux-gnu/libpcl_common.so  
[4.655s] -- looking for PCL_OCTREE
[4.656s] -- Found PCL_OCTREE: /usr/lib/x86_64-linux-gnu/libpcl_octree.so  
[4.656s] -- looking for PCL_IO
[4.657s] -- Found PCL_IO: /usr/lib/x86_64-linux-gnu/libpcl_io.so  
[4.657s] -- looking for PCL_KDTREE
[4.658s] -- Found PCL_KDTREE: /usr/lib/x86_64-linux-gnu/libpcl_kdtree.so  
[4.658s] -- looking for PCL_SEARCH
[4.659s] -- Found PCL_SEARCH: /usr/lib/x86_64-linux-gnu/libpcl_search.so  
[4.659s] -- looking for PCL_SAMPLE_CONSENSUS
[4.660s] -- Found PCL_SAMPLE_CONSENSUS: /usr/lib/x86_64-linux-gnu/libpcl_sample_consensus.so  
[4.661s] -- looking for PCL_FILTERS
[4.662s] -- Found PCL_FILTERS: /usr/lib/x86_64-linux-gnu/libpcl_filters.so  
[4.662s] -- looking for PCL_GEOMETRY
[4.663s] -- Found PCL_GEOMETRY: /usr/include/pcl-1.14  
[4.663s] -- looking for PCL_2D
[4.663s] -- Found PCL_2D: /usr/include/pcl-1.14  
[4.663s] -- looking for PCL_FEATURES
[4.664s] -- Found PCL_FEATURES: /usr/lib/x86_64-linux-gnu/libpcl_features.so  
[4.665s] -- looking for PCL_ML
[4.666s] -- Found PCL_ML: /usr/lib/x86_64-linux-gnu/libpcl_ml.so  
[4.666s] -- looking for PCL_SEGMENTATION
[4.667s] -- Found PCL_SEGMENTATION: /usr/lib/x86_64-linux-gnu/libpcl_segmentation.so  
[4.667s] -- Found PCL: pcl_common;pcl_octree;pcl_io;pcl_kdtree;pcl_search;pcl_sample_consensus;pcl_filters;pcl_features;pcl_ml;pcl_segmentation;Boost::system;Boost::filesystem;Boost::iostreams;Boost::serialization;/usr/lib/libOpenNI.so;libusb::libusb;/usr/lib/x86_64-linux-gnu/libOpenNI2.so;libusb::libusb;VTK::ChartsCore;VTK::CommonColor;VTK::CommonComputationalGeometry;VTK::CommonCore;VTK::CommonDataModel;VTK::CommonExecutionModel;VTK::CommonMath;VTK::CommonMisc;VTK::CommonTransforms;VTK::FiltersCore;VTK::FiltersExtraction;VTK::FiltersGeneral;VTK::FiltersGeometry;VTK::FiltersModeling;VTK::FiltersSources;VTK::ImagingCore;VTK::ImagingSources;VTK::InteractionImage;VTK::InteractionStyle;VTK::InteractionWidgets;VTK::IOCore;VTK::IOGeometry;VTK::IOImage;VTK::IOLegacy;VTK::IOPLY;VTK::RenderingAnnotation;VTK::RenderingCore;VTK::RenderingContext2D;VTK::RenderingLOD;VTK::RenderingFreeType;VTK::ViewsCore;VTK::ViewsContext2D;VTK::RenderingOpenGL2;VTK::RenderingContextOpenGL2;VTK::GUISupportQt;FLANN::FLANN  
[4.676s] -- Found pcl_conversions: 2.6.2 (/opt/ros/jazzy/share/pcl_conversions/cmake)
[4.728s] -- ONNX Runtime include: /opt/onnxruntime/include
[4.728s] -- ONNX Runtime lib:     /opt/onnxruntime/lib/libonnxruntime.so
[4.833s] -- Found CURL: /usr/lib/x86_64-linux-gnu/libcurl.so (found version "8.5.0")  
[4.932s] -- Configuring done (4.9s)
[5.015s] -- Generating done (0.1s)
[5.029s] -- Build files have been written to: /home/pritomrit/Projects/FireFIght/ros2_ws/build/firefighter_robot
[5.046s] Invoked command in '/home/pritomrit/Projects/FireFIght/ros2_ws/build/firefighter_robot' returned '0': CMAKE_PREFIX_PATH=${CMAKE_PREFIX_PATH}:/opt/ros/jazzy DEBUGINFOD_URLS=https://debuginfod.ubuntu.com /usr/bin/cmake /home/pritomrit/Projects/FireFIght/ros2_ws/src/firefighter_robot -DONNXRUNTIME_ROOT=/opt/onnxruntime -DCMAKE_INSTALL_PREFIX=/home/pritomrit/Projects/FireFIght/ros2_ws/install/firefighter_robot
[5.047s] Invoking command in '/home/pritomrit/Projects/FireFIght/ros2_ws/build/firefighter_robot': CMAKE_PREFIX_PATH=${CMAKE_PREFIX_PATH}:/opt/ros/jazzy DEBUGINFOD_URLS=https://debuginfod.ubuntu.com /usr/bin/cmake --build /home/pritomrit/Projects/FireFIght/ros2_ws/build/firefighter_robot -- -j16 -l16
[5.117s] [ 16%] [32mBuilding CXX object CMakeFiles/camera_node.dir/src/camera_node.cpp.o[0m
[5.117s] [ 16%] [32mBuilding CXX object CMakeFiles/telemetry_node.dir/src/telemetry_node.cpp.o[0m
[5.117s] [ 25%] [32mBuilding CXX object CMakeFiles/update_agent_node.dir/src/update_agent_node.cpp.o[0m
[5.117s] [ 33%] [32mBuilding CXX object CMakeFiles/decision_node.dir/src/decision_node.cpp.o[0m
[5.117s] [ 41%] [32mBuilding CXX object CMakeFiles/lidar_node.dir/src/lidar_node.cpp.o[0m
[5.117s] [ 50%] [32mBuilding CXX object CMakeFiles/inference_node.dir/src/inference_node.cpp.o[0m
[12.064s] [ 58%] [32m[1mLinking CXX executable update_agent_node[0m
[12.302s] [ 58%] Built target update_agent_node
[13.112s] [ 66%] [32m[1mLinking CXX executable telemetry_node[0m
[13.343s] [ 66%] Built target telemetry_node
[13.586s] [ 75%] [32m[1mLinking CXX executable camera_node[0m
[13.739s] [ 75%] Built target camera_node
[16.110s] [ 83%] [32m[1mLinking CXX executable inference_node[0m
[16.348s] [ 83%] Built target inference_node
[18.418s] [ 91%] [32m[1mLinking CXX executable decision_node[0m
[18.581s] [ 91%] Built target decision_node
[19.567s] [100%] [32m[1mLinking CXX executable lidar_node[0m
[20.451s] [100%] Built target lidar_node
[20.463s] Invoked command in '/home/pritomrit/Projects/FireFIght/ros2_ws/build/firefighter_robot' returned '0': CMAKE_PREFIX_PATH=${CMAKE_PREFIX_PATH}:/opt/ros/jazzy DEBUGINFOD_URLS=https://debuginfod.ubuntu.com /usr/bin/cmake --build /home/pritomrit/Projects/FireFIght/ros2_ws/build/firefighter_robot -- -j16 -l16
[20.473s] Invoking command in '/home/pritomrit/Projects/FireFIght/ros2_ws/build/firefighter_robot': CMAKE_PREFIX_PATH=${CMAKE_PREFIX_PATH}:/opt/ros/jazzy DEBUGINFOD_URLS=https://debuginfod.ubuntu.com /usr/bin/cmake --install /home/pritomrit/Projects/FireFIght/ros2_ws/build/firefighter_robot
[20.483s] -- Install configuration: ""
[20.483s] -- Installing: /home/pritomrit/Projects/FireFIght/ros2_ws/install/firefighter_robot/lib/firefighter_robot/camera_node
[20.484s] -- Set non-toolchain portion of runtime path of "/home/pritomrit/Projects/FireFIght/ros2_ws/install/firefighter_robot/lib/firefighter_robot/camera_node" to ""
[20.484s] -- Installing: /home/pritomrit/Projects/FireFIght/ros2_ws/install/firefighter_robot/lib/firefighter_robot/inference_node
[20.485s] -- Set non-toolchain portion of runtime path of "/home/pritomrit/Projects/FireFIght/ros2_ws/install/firefighter_robot/lib/firefighter_robot/inference_node" to ""
[20.486s] -- Installing: /home/pritomrit/Projects/FireFIght/ros2_ws/install/firefighter_robot/lib/firefighter_robot/lidar_node
[20.487s] -- Set non-toolchain portion of runtime path of "/home/pritomrit/Projects/FireFIght/ros2_ws/install/firefighter_robot/lib/firefighter_robot/lidar_node" to ""
[20.487s] -- Installing: /home/pritomrit/Projects/FireFIght/ros2_ws/install/firefighter_robot/lib/firefighter_robot/decision_node
[20.489s] -- Set non-toolchain portion of runtime path of "/home/pritomrit/Projects/FireFIght/ros2_ws/install/firefighter_robot/lib/firefighter_robot/decision_node" to ""
[20.489s] -- Installing: /home/pritomrit/Projects/FireFIght/ros2_ws/install/firefighter_robot/lib/firefighter_robot/telemetry_node
[20.490s] -- Set non-toolchain portion of runtime path of "/home/pritomrit/Projects/FireFIght/ros2_ws/install/firefighter_robot/lib/firefighter_robot/telemetry_node" to ""
[20.490s] -- Installing: /home/pritomrit/Projects/FireFIght/ros2_ws/install/firefighter_robot/lib/firefighter_robot/update_agent_node
[20.490s] -- Set non-toolchain portion of runtime path of "/home/pritomrit/Projects/FireFIght/ros2_ws/install/firefighter_robot/lib/firefighter_robot/update_agent_node" to ""
[20.490s] -- Installing: /home/pritomrit/Projects/FireFIght/ros2_ws/install/firefighter_robot/share/firefighter_robot/launch
[20.491s] -- Installing: /home/pritomrit/Projects/FireFIght/ros2_ws/install/firefighter_robot/share/firefighter_robot/launch/single_robot.launch.py
[20.491s] -- Installing: /home/pritomrit/Projects/FireFIght/ros2_ws/install/firefighter_robot/share/firefighter_robot/config
[20.491s] -- Installing: /home/pritomrit/Projects/FireFIght/ros2_ws/install/firefighter_robot/share/firefighter_robot/config/robot_params.yaml
[20.491s] -- Installing: /home/pritomrit/Projects/FireFIght/ros2_ws/install/firefighter_robot/share/ament_index/resource_index/package_run_dependencies/firefighter_robot
[20.492s] -- Installing: /home/pritomrit/Projects/FireFIght/ros2_ws/install/firefighter_robot/share/ament_index/resource_index/parent_prefix_path/firefighter_robot
[20.492s] -- Installing: /home/pritomrit/Projects/FireFIght/ros2_ws/install/firefighter_robot/share/firefighter_robot/environment/ament_prefix_path.sh
[20.492s] -- Installing: /home/pritomrit/Projects/FireFIght/ros2_ws/install/firefighter_robot/share/firefighter_robot/environment/ament_prefix_path.dsv
[20.492s] -- Installing: /home/pritomrit/Projects/FireFIght/ros2_ws/install/firefighter_robot/share/firefighter_robot/environment/path.sh
[20.492s] -- Installing: /home/pritomrit/Projects/FireFIght/ros2_ws/install/firefighter_robot/share/firefighter_robot/environment/path.dsv
[20.493s] -- Installing: /home/pritomrit/Projects/FireFIght/ros2_ws/install/firefighter_robot/share/firefighter_robot/local_setup.bash
[20.493s] -- Installing: /home/pritomrit/Projects/FireFIght/ros2_ws/install/firefighter_robot/share/firefighter_robot/local_setup.sh
[20.493s] -- Installing: /home/pritomrit/Projects/FireFIght/ros2_ws/install/firefighter_robot/share/firefighter_robot/local_setup.zsh
[20.493s] -- Installing: /home/pritomrit/Projects/FireFIght/ros2_ws/install/firefighter_robot/share/firefighter_robot/local_setup.dsv
[20.493s] -- Installing: /home/pritomrit/Projects/FireFIght/ros2_ws/install/firefighter_robot/share/firefighter_robot/package.dsv
[20.493s] -- Installing: /home/pritomrit/Projects/FireFIght/ros2_ws/install/firefighter_robot/share/ament_index/resource_index/packages/firefighter_robot
[20.494s] -- Installing: /home/pritomrit/Projects/FireFIght/ros2_ws/install/firefighter_robot/share/firefighter_robot/cmake/firefighter_robotConfig.cmake
[20.494s] -- Installing: /home/pritomrit/Projects/FireFIght/ros2_ws/install/firefighter_robot/share/firefighter_robot/cmake/firefighter_robotConfig-version.cmake
[20.494s] -- Installing: /home/pritomrit/Projects/FireFIght/ros2_ws/install/firefighter_robot/share/firefighter_robot/package.xml
[20.496s] Invoked command in '/home/pritomrit/Projects/FireFIght/ros2_ws/build/firefighter_robot' returned '0': CMAKE_PREFIX_PATH=${CMAKE_PREFIX_PATH}:/opt/ros/jazzy DEBUGINFOD_URLS=https://debuginfod.ubuntu.com /usr/bin/cmake --install /home/pritomrit/Projects/FireFIght/ros2_ws/build/firefighter_robot
